Microchip MPLAB XC8 Compiler V1.40 ()

Linker command line:

-W-3 --edf=C:\Program Files (x86)\Microchip\xc8\v1.40\dat\en_msgs.txt -cs \
  -h+dist/default/production\AER201.production.sym \
  --cmf=dist/default/production\AER201.production.cmf -z -Q18F4620 \
  -oC:\Users\CLEMEN~1\AppData\Local\Temp\s21o.2 \
  -Mdist/default/production/AER201.production.map -E1 -ver=XC8 \
  -ASTACK=045Ah-0f7fh -pstack=STACK -ACODE=00h-0FFFFh -ACONST=00h-0FFFFh \
  -ASMALLCONST=01000h-010FFhx240 -AMEDIUMCONST=01000h-0FFFFh \
  -ACOMRAM=01h-07Fh -AABS1=00h-0F7Fh -ABIGRAM=01h-0F7Fh \
  -ARAM=080h-0FFh,0100h-01FFhx14,0F00h-0F7Fh -ABANK0=080h-0FFh \
  -ABANK1=0100h-01FFh -ABANK2=0200h-02FFh -ABANK3=0300h-03FFh \
  -ABANK4=0400h-04FFh -ABANK5=0500h-05FFh -ABANK6=0600h-06FFh \
  -ABANK7=0700h-07FFh -ABANK8=0800h-08FFh -ABANK9=0900h-09FFh \
  -ABANK10=0A00h-0AFFh -ABANK11=0B00h-0BFFh -ABANK12=0C00h-0CFFh \
  -ABANK13=0D00h-0DFFh -ABANK14=0E00h-0EFFh -ABANK15=0F00h-0F7Fh \
  -ASFR=0F80h-0FFFh -preset_vec=00h,intcode=08h,intcodelo,powerup,init \
  -pramtop=01000h -psmallconst=SMALLCONST -pmediumconst=MEDIUMCONST \
  -pconst=CONST -AFARRAM=00h-00h -ACONFIG=0300000h-030000Dh -pconfig=CONFIG \
  -AIDLOC=0200000h-0200007h -pidloc=IDLOC -AEEDATA=0F00000h-0F003FFh \
  -peeprom_data=EEDATA \
  -prdata=COMRAM,nvrram=COMRAM,nvbit=COMRAM,rbss=COMRAM,rbit=COMRAM \
  -pfarbss=FARRAM,fardata=FARRAM,nvFARRAM=FARRAM \
  -pintsave_regs=BIGRAM,bigbss=BIGRAM,bigdata=BIGRAM -pbss=RAM \
  -pidata=CODE,irdata=CODE,ibigdata=CODE,ifardata=CODE -prparam=COMRAM \
  C:\Users\CLEMEN~1\AppData\Local\Temp\s21o.obj \
  dist/default/production\AER201.production.obj 

Object code version is 3.11

Machine type is 18F4620

Call graph: (short form)




                Name                               Link     Load   Length Selector   Space Scale
C:\Users\CLEMEN~1\AppData\Local\Temp\s21o.obj
                init                                  E        E        4        4       0
                reset_vec                             0        0        4        0       0
                idloc                            200000   200000        8   200000       0
                config                           300000   300000        E   300000       0
dist/default/production\AER201.production.obj
                intcode                               8        8        6        4       0
                temp                                 7B       7B        1        1       1
                mediumconst                        FE36     FE36      1CA     7F1B       0
                text42                             38D6     38D6       70        4       0
                text41                             3AC6     3AC6       56        4       0
                text40                             3E64     3E64        C        4       0
                text39                             3B6E     3B6E       52        4       0
                text38                             3C54     3C54       42        4       0
                text37                             3DB8     3DB8       26        4       0
                text36                             3DDE     3DDE       1E        4       0
                text35                             3E58     3E58        C        4       0
                text34                              996      996      858        4       0
                text33                             3CCC     3CCC       36        4       0
                intcode_body                       11EE     11EE      648        4       0
                text31                             35C8     35C8       BC        4       0
                text30                             3A10     3A10       60        4       0
                text29                             3946     3946       68        4       0
                text28                             3E3C     3E3C       10        4       0
                text27                             3C0A     3C0A       4A        4       0
                text26                             3D62     3D62       2C        4       0
                text25                             3012     3012      28C        4       0
                text24                             3C96     3C96       36        4       0
                text23                             372A     372A       A2        4       0
                text22                             2614     2614      434        4       0
                text21                             21DE     21DE      436        4       0
                text20                             3E28     3E28       14        4       0
                text19                             3D34     3D34       2E        4       0
                text18                             3E82     3E82        8        4       0
                text17                             3E7A     3E7A        8        4       0
                text16                             3E70     3E70        A        4       0
                text15                             329E     329E      16E        4       0
                text14                             350A     350A       BE        4       0
                text13                             385E     385E       78        4       0
                text12                             39AE     39AE       62        4       0
                text11                             3D8E     3D8E       2A        4       0
                text10                             3E12     3E12       16        4       0
                text9                                12       12      984        4       0
                text8                              3B1C     3B1C       52        4       0
                text7                              1D44     1D44      49A        4       0
                text6                              1836     1836      50E        4       0
                text5                              3BC0     3BC0       4A        4       0
                text4                              3A70     3A70       56        4       0
                text3                              3D02     3D02       32        4       0
                text2                              340C     340C       FE        4       0
                text1                              2A48     2A48      2FA        4       0
                text0                              3684     3684       A6        4       0
                cstackCOMRAM                          1        1       3D        1       1
                cstackBANK0                          80       80       58       80       1
                cstackBANK1                         186      186        4      100       1
                dataBIGRAM                          18A      18A      2D0      18A       1
                bssBANK1                            100      100       86      100       1
                dataBANK0                            D8       D8       16       80       1
                bssBANK0                             EE       EE       12       80       1
                dataCOMRAM                           69       69        C        1       1
                bssCOMRAM                            3E       3E       2B        1       1
                cinit                              37CC     37CC       92        4       0
                nvCOMRAM                             75       75        6        1       1
                idataBANK0                         3DFC     3DFC       16        4       0
                idataBIGRAM                        2D42     2D42      2D0        4       0
                idataCOMRAM                        3E4C     3E4C        C        4       0

TOTAL           Name                               Link     Load   Length     Space
        CLASS   STACK          

        CLASS   CODE           
                intcode                               8        8        6         0
                init                                  E        E        4         0
                reset_vec                             0        0        4         0
                text42                             38D6     38D6       70         0
                text41                             3AC6     3AC6       56         0
                text40                             3E64     3E64        C         0
                text39                             3B6E     3B6E       52         0
                text38                             3C54     3C54       42         0
                text37                             3DB8     3DB8       26         0
                text36                             3DDE     3DDE       1E         0
                text35                             3E58     3E58        C         0
                text34                              996      996      858         0
                text33                             3CCC     3CCC       36         0
                intcode_body                       11EE     11EE      648         0
                text31                             35C8     35C8       BC         0
                text30                             3A10     3A10       60         0
                text29                             3946     3946       68         0
                text28                             3E3C     3E3C       10         0
                text27                             3C0A     3C0A       4A         0
                text26                             3D62     3D62       2C         0
                text25                             3012     3012      28C         0
                text24                             3C96     3C96       36         0
                text23                             372A     372A       A2         0
                text22                             2614     2614      434         0
                text21                             21DE     21DE      436         0
                text20                             3E28     3E28       14         0
                text19                             3D34     3D34       2E         0
                text18                             3E82     3E82        8         0
                text17                             3E7A     3E7A        8         0
                text16                             3E70     3E70        A         0
                text15                             329E     329E      16E         0
                text14                             350A     350A       BE         0
                text13                             385E     385E       78         0
                text12                             39AE     39AE       62         0
                text11                             3D8E     3D8E       2A         0
                text10                             3E12     3E12       16         0
                text9                                12       12      984         0
                text8                              3B1C     3B1C       52         0
                text7                              1D44     1D44      49A         0
                text6                              1836     1836      50E         0
                text5                              3BC0     3BC0       4A         0
                text4                              3A70     3A70       56         0
                text3                              3D02     3D02       32         0
                text2                              340C     340C       FE         0
                text1                              2A48     2A48      2FA         0
                text0                              3684     3684       A6         0
                cinit                              37CC     37CC       92         0
                idataBANK0                         3DFC     3DFC       16         0
                idataBIGRAM                        2D42     2D42      2D0         0
                idataCOMRAM                        3E4C     3E4C        C         0

        CLASS   CONST          

        CLASS   SMALLCONST     

        CLASS   MEDIUMCONST    
                mediumconst                        FE36     FE36      1CA         0

        CLASS   COMRAM         
                temp                                 7B       7B        1         1
                cstackCOMRAM                          1        1       3D         1
                dataCOMRAM                           69       69        C         1
                bssCOMRAM                            3E       3E       2B         1
                nvCOMRAM                             75       75        6         1

        CLASS   ABS1           

        CLASS   BIGRAM         
                dataBIGRAM                          18A      18A      2D0         1

        CLASS   RAM            

        CLASS   BANK0          
                cstackBANK0                          80       80       58         1
                dataBANK0                            D8       D8       16         1
                bssBANK0                             EE       EE       12         1

        CLASS   BANK1          
                cstackBANK1                         186      186        4         1
                bssBANK1                            100      100       86         1

        CLASS   BANK2          

        CLASS   BANK3          

        CLASS   BANK4          

        CLASS   BANK5          

        CLASS   BANK6          

        CLASS   BANK7          

        CLASS   BANK8          

        CLASS   BANK9          

        CLASS   BANK10         

        CLASS   BANK11         

        CLASS   BANK12         

        CLASS   BANK13         

        CLASS   BANK14         

        CLASS   BANK15         

        CLASS   SFR            

        CLASS   FARRAM         

        CLASS   CONFIG         
                config                           300000   300000        E         0

        CLASS   IDLOC          
                idloc                            200000   200000        8         0

        CLASS   EEDATA         



SEGMENTS        Name                           Load    Length   Top    Selector   Space  Class

                reset_vec                      000000  000004  000004         0       0  CODE    
                cstackCOMRAM                   000001  00007B  00007C         1       1  COMRAM  
                intcode                        000008  003E82  003E8A         4       0  CODE    
                cstackBANK0                    000080  000080  000100        80       1  BANK0   
                bssBANK1                       000100  00008A  00018A       100       1  BANK1   
                dataBIGRAM                     00018A  0002D0  00045A       18A       1  BIGRAM  
                mediumconst                    00FE36  0001CA  010000      7F1B       0  MEDIUMCO
                idloc                          200000  000008  200008    200000       0  IDLOC   
                config                         300000  00000E  30000E    300000       0  CONFIG  


UNUSED ADDRESS RANGES

        Name                Unused          Largest block    Delta
        BANK10           000A00-000AFF              100
        BANK11           000B00-000BFF              100
        BANK12           000C00-000CFF              100
        BANK13           000D00-000DFF              100
        BANK14           000E00-000EFF              100
        BANK15           000F00-000F7F               80
        BANK4            00045A-0004FF               A6
        BANK5            000500-0005FF              100
        BANK6            000600-0006FF              100
        BANK7            000700-0007FF              100
        BANK8            000800-0008FF              100
        BANK9            000900-0009FF              100
        BIGRAM           00007C-00007F                4
                         00045A-000F7F              B26
        CODE             000004-000007                4
                         003E8A-00FE35             BFAC
        COMRAM           00007C-00007F                4
        CONST            000004-000007                4
                         003E8A-00FE35             BFAC
        EEDATA           F00000-F003FF              400
        MEDIUMCONST      003E8A-00FE35             BFAC
        RAM              00045A-000F7F              100
        SFR              000F80-000FFF               80
        SMALLCONST       003E8A-00FE35              100
        STACK            00045A-000F7F              B26

                                  Symbol Table

?___awdiv                  cstackBANK0  000080
?___awmod                  cstackBANK0  000080
?___lldiv                  cstackBANK0  000080
?___lwdiv                  cstackBANK0  000080
?___lwmod                  cstackBANK0  000087
?___wmul                   cstackBANK0  000080
?__doprnt                  cstackBANK0  00008C
?__measure                 cstackBANK0  000086
?_printf                   cstackBANK0  0000A2
?_sprintf                  cstackBANK0  0000A2
?_strcmp                   cstackBANK0  000080
?i2___awmod                cstackCOMRAM 000001
?i2___lwdiv                cstackCOMRAM 000001
?i2___lwmod                cstackCOMRAM 000008
?i2___wmul                 cstackCOMRAM 000001
?i2__doprnt                cstackCOMRAM 00000D
?i2_printf                 cstackCOMRAM 000023
I2C_Master_Init@c          cstackBANK0  00008D
I2C_Master_Read@a          cstackBANK0  000081
I2C_Master_Read@temp       cstackBANK0  000082
I2C_Master_Write@d         cstackBANK0  000081
_ACKDT                     (abs)        007E2D
_ACKEN                     (abs)        007E2C
_ADCON0                    (abs)        000FC2
_ADCON0bits                (abs)        000FC2
_ADCON1                    (abs)        000FC1
_ADFM                      (abs)        007E07
_ADON                      (abs)        007E10
_ADRESH                    (abs)        000FC4
_ADRESL                    (abs)        000FC3
_CMCONbits                 (abs)        000FB4
_CVRCON                    (abs)        000FB5
_DIST1                     bssBANK1     00012A
_DIST1_PIN                 bssCOMRAM    000067
_DIST1_TRIG                dataCOMRAM   00006F
_DIST_THRESHOLD_HI         dataCOMRAM   000069
_DIST_THRESHOLD_LOW        dataCOMRAM   00006B
_I2C_Master_Init           text30       003A10
_I2C_Master_Read           text19       003D34
_I2C_Master_Start          text18       003E82
_I2C_Master_Stop           text17       003E7A
_I2C_Master_Wait           text20       003E28
_I2C_Master_Write          text16       003E70
_INT1IE                    (abs)        007F83
_INT1IF                    (abs)        007F80
_INTCONbits                (abs)        000FF2
_IR1                       bssCOMRAM    00003E
_IR1_PIN                   dataCOMRAM   000070
_IR2                       bssBANK1     000134
_IR2_PIN                   dataCOMRAM   000071
_IR_THRESHOLD_HI           dataBANK0    0000D8
_IR_THRESHOLD_LOW          dataBANK0    0000DA
_LATA                      (abs)        000F89
_LATB                      (abs)        000F8A
_LATC                      (abs)        000F8B
_LATD                      (abs)        000F8C
_LATDbits                  (abs)        000F8C
_LATE                      (abs)        000F8D
_PEN                       (abs)        007E2A
_PORTB                     (abs)        000F81
_PROX1                     bssCOMRAM    000048
_PROX1_PIN                 bssCOMRAM    000068
_PROX2                     bssCOMRAM    000052
_PROX2_PIN                 dataCOMRAM   000072
_RCEN                      (abs)        007E2B
_RSEN                      (abs)        007E29
_SEN                       (abs)        007E28
_SSPADD                    (abs)        000FC8
_SSPBUF                    (abs)        000FC9
_SSPCON1                   (abs)        000FC6
_SSPCON2                   (abs)        000FC5
_SSPSTAT                   (abs)        000FC7
_TRISA                     (abs)        000F92
_TRISB                     (abs)        000F93
_TRISC                     (abs)        000F94
_TRISC3                    (abs)        007CA3
_TRISC4                    (abs)        007CA4
_TRISD                     (abs)        000F95
_TRISE                     (abs)        000F96
__CFG_BOREN$SBORDIS        (abs)        000000
__CFG_BORV$3               (abs)        000000
__CFG_CCP2MX$PORTC         (abs)        000000
__CFG_CP0$OFF              (abs)        000000
__CFG_CP1$OFF              (abs)        000000
__CFG_CP2$OFF              (abs)        000000
__CFG_CP3$OFF              (abs)        000000
__CFG_CPB$OFF              (abs)        000000
__CFG_CPD$OFF              (abs)        000000
__CFG_EBTR0$OFF            (abs)        000000
__CFG_EBTR1$OFF            (abs)        000000
__CFG_EBTR2$OFF            (abs)        000000
__CFG_EBTR3$OFF            (abs)        000000
__CFG_EBTRB$OFF            (abs)        000000
__CFG_FCMEN$OFF            (abs)        000000
__CFG_IESO$OFF             (abs)        000000
__CFG_LPT1OSC$OFF          (abs)        000000
__CFG_LVP$OFF              (abs)        000000
__CFG_MCLRE$ON             (abs)        000000
__CFG_OSC$HS               (abs)        000000
__CFG_PBADEN$ON            (abs)        000000
__CFG_PWRT$OFF             (abs)        000000
__CFG_STVREN$ON            (abs)        000000
__CFG_WDT$OFF              (abs)        000000
__CFG_WDTPS$32768          (abs)        000000
__CFG_WRT0$OFF             (abs)        000000
__CFG_WRT1$OFF             (abs)        000000
__CFG_WRT2$OFF             (abs)        000000
__CFG_WRT3$OFF             (abs)        000000
__CFG_WRTB$OFF             (abs)        000000
__CFG_WRTC$OFF             (abs)        000000
__CFG_WRTD$OFF             (abs)        000000
__CFG_XINST$OFF            (abs)        000000
__HRAM                     (abs)        000000
__Habs1                    abs1         000000
__Hbank0                   bank0        000000
__Hbank1                   bank1        000000
__Hbank10                  bank10       000000
__Hbank11                  bank11       000000
__Hbank12                  bank12       000000
__Hbank13                  bank13       000000
__Hbank14                  bank14       000000
__Hbank15                  bank15       000000
__Hbank2                   bank2        000000
__Hbank3                   bank3        000000
__Hbank4                   bank4        000000
__Hbank5                   bank5        000000
__Hbank6                   bank6        000000
__Hbank7                   bank7        000000
__Hbank8                   bank8        000000
__Hbank9                   bank9        000000
__Hbigbss                  bigbss       000000
__Hbigdata                 bigdata      000000
__Hbigram                  bigram       000000
__Hbss                     bss          000000
__HbssBANK0                bssBANK0     000000
__HbssBANK1                bssBANK1     000000
__HbssCOMRAM               bssCOMRAM    000000
__Hcinit                   cinit        000000
__Hclrtext                 clrtext      000000
__Hcomram                  comram       000000
__Hconfig                  config       30000E
__Hconst                   const        000000
__HcstackBANK0             cstackBANK0  000000
__HcstackBANK1             cstackBANK1  000000
__HcstackCOMRAM            cstackCOMRAM 000000
__Hdata                    data         000000
__HdataBANK0               dataBANK0    000000
__HdataBIGRAM              dataBIGRAM   000000
__HdataCOMRAM              dataCOMRAM   000000
__Heeprom_data             eeprom_data  000000
__Hfarbss                  farbss       000000
__Hfardata                 fardata      000000
__Hibigdata                ibigdata     000000
__Hidata                   idata        000000
__HidataBANK0              idataBANK0   000000
__HidataBIGRAM             idataBIGRAM  000000
__HidataCOMRAM             idataCOMRAM  000000
__Hidloc                   idloc        200008
__Hifardata                ifardata     000000
__Hinit                    init         000012
__Hintcode                 intcode      00000E
__Hintcode_body            intcode_body 000000
__Hintcodelo               intcodelo    00000E
__Hintentry                intentry     000000
__Hintret                  intret       000000
__Hintsave_regs            intsave_regs 000000
__Hirdata                  irdata       000000
__Hmediumconst             mediumconst  010000
__HnvCOMRAM                nvCOMRAM     000000
__HnvFARRAM                nvFARRAM     000000
__Hnvbit                   nvbit        000000
__Hnvrram                  nvrram       000000
__Hparam                   rparam       000000
__Hpowerup                 powerup      00000E
__Hram                     ram          000000
__Hramtop                  ramtop       001000
__Hrbit                    rbit         000000
__Hrbss                    rbss         000000
__Hrdata                   rdata        000000
__Hreset_vec               reset_vec    000004
__Hrparam                  rparam       000000
__Hsfr                     sfr          000000
__Hsmallconst              smallconst   000000
__Hspace_0                 (abs)        30000E
__Hspace_1                 (abs)        00045A
__Hspace_2                 (abs)        000000
__Hstack                   stack        000000
__Hstruct                  struct       000000
__Htemp                    temp         00007C
__Htext                    text         000000
__Htext0                   text0        000000
__Htext1                   text1        000000
__Htext10                  text10       000000
__Htext11                  text11       000000
__Htext12                  text12       000000
__Htext13                  text13       000000
__Htext14                  text14       000000
__Htext15                  text15       000000
__Htext16                  text16       000000
__Htext17                  text17       000000
__Htext18                  text18       000000
__Htext19                  text19       000000
__Htext2                   text2        000000
__Htext20                  text20       000000
__Htext21                  text21       000000
__Htext22                  text22       000000
__Htext23                  text23       000000
__Htext24                  text24       000000
__Htext25                  text25       000000
__Htext26                  text26       000000
__Htext27                  text27       000000
__Htext28                  text28       000000
__Htext29                  text29       000000
__Htext3                   text3        000000
__Htext30                  text30       000000
__Htext31                  text31       000000
__Htext33                  text33       000000
__Htext34                  text34       000000
__Htext35                  text35       000000
__Htext36                  text36       000000
__Htext37                  text37       000000
__Htext38                  text38       000000
__Htext39                  text39       000000
__Htext4                   text4        000000
__Htext40                  text40       000000
__Htext41                  text41       000000
__Htext42                  text42       000000
__Htext43                  text43       000000
__Htext5                   text5        000000
__Htext6                   text6        000000
__Htext7                   text7        000000
__Htext8                   text8        000000
__Htext9                   text9        000000
__LRAM                     (abs)        000001
__Labs1                    abs1         000000
__Lbank0                   bank0        000000
__Lbank1                   bank1        000000
__Lbank10                  bank10       000000
__Lbank11                  bank11       000000
__Lbank12                  bank12       000000
__Lbank13                  bank13       000000
__Lbank14                  bank14       000000
__Lbank15                  bank15       000000
__Lbank2                   bank2        000000
__Lbank3                   bank3        000000
__Lbank4                   bank4        000000
__Lbank5                   bank5        000000
__Lbank6                   bank6        000000
__Lbank7                   bank7        000000
__Lbank8                   bank8        000000
__Lbank9                   bank9        000000
__Lbigbss                  bigbss       000000
__Lbigdata                 bigdata      000000
__Lbigram                  bigram       000000
__Lbss                     bss          000000
__LbssBANK0                bssBANK0     000000
__LbssBANK1                bssBANK1     000000
__LbssCOMRAM               bssCOMRAM    000000
__Lcinit                   cinit        000000
__Lclrtext                 clrtext      000000
__Lcomram                  comram       000000
__Lconfig                  config       300000
__Lconst                   const        000000
__LcstackBANK0             cstackBANK0  000000
__LcstackBANK1             cstackBANK1  000000
__LcstackCOMRAM            cstackCOMRAM 000000
__Ldata                    data         000000
__LdataBANK0               dataBANK0    000000
__LdataBIGRAM              dataBIGRAM   000000
__LdataCOMRAM              dataCOMRAM   000000
__Leeprom_data             eeprom_data  000000
__Lfarbss                  farbss       000000
__Lfardata                 fardata      000000
__Libigdata                ibigdata     000000
__Lidata                   idata        000000
__LidataBANK0              idataBANK0   000000
__LidataBIGRAM             idataBIGRAM  000000
__LidataCOMRAM             idataCOMRAM  000000
__Lidloc                   idloc        200000
__Lifardata                ifardata     000000
__Linit                    init         00000E
__Lintcode                 intcode      000008
__Lintcode_body            intcode_body 000000
__Lintcodelo               intcodelo    00000E
__Lintentry                intentry     000000
__Lintret                  intret       000000
__Lintsave_regs            intsave_regs 000000
__Lirdata                  irdata       000000
__Lmediumconst             mediumconst  00FE36
__LnvCOMRAM                nvCOMRAM     000000
__LnvFARRAM                nvFARRAM     000000
__Lnvbit                   nvbit        000000
__Lnvrram                  nvrram       000000
__Lparam                   rparam       000000
__Lpowerup                 powerup      00000E
__Lram                     ram          000000
__Lramtop                  ramtop       001000
__Lrbit                    rbit         000000
__Lrbss                    rbss         000000
__Lrdata                   rdata        000000
__Lreset_vec               reset_vec    000000
__Lrparam                  rparam       000000
__Lsfr                     sfr          000000
__Lsmallconst              smallconst   000000
__Lspace_0                 (abs)        000000
__Lspace_1                 (abs)        000000
__Lspace_2                 (abs)        000000
__Lstack                   stack        000000
__Lstruct                  struct       000000
__Ltemp                    temp         00007B
__Ltext                    text         000000
__Ltext0                   text0        000000
__Ltext1                   text1        000000
__Ltext10                  text10       000000
__Ltext11                  text11       000000
__Ltext12                  text12       000000
__Ltext13                  text13       000000
__Ltext14                  text14       000000
__Ltext15                  text15       000000
__Ltext16                  text16       000000
__Ltext17                  text17       000000
__Ltext18                  text18       000000
__Ltext19                  text19       000000
__Ltext2                   text2        000000
__Ltext20                  text20       000000
__Ltext21                  text21       000000
__Ltext22                  text22       000000
__Ltext23                  text23       000000
__Ltext24                  text24       000000
__Ltext25                  text25       000000
__Ltext26                  text26       000000
__Ltext27                  text27       000000
__Ltext28                  text28       000000
__Ltext29                  text29       000000
__Ltext3                   text3        000000
__Ltext30                  text30       000000
__Ltext31                  text31       000000
__Ltext33                  text33       000000
__Ltext34                  text34       000000
__Ltext35                  text35       000000
__Ltext36                  text36       000000
__Ltext37                  text37       000000
__Ltext38                  text38       000000
__Ltext39                  text39       000000
__Ltext4                   text4        000000
__Ltext40                  text40       000000
__Ltext41                  text41       000000
__Ltext42                  text42       000000
__Ltext43                  text43       000000
__Ltext5                   text5        000000
__Ltext6                   text6        000000
__Ltext7                   text7        000000
__Ltext8                   text8        000000
__Ltext9                   text9        000000
__S0                       (abs)        30000E
__S1                       (abs)        00045A
__S2                       (abs)        000000
___awdiv                   text14       00350A
___awdiv@counter           cstackBANK0  000084
___awdiv@dividend          cstackBANK0  000080
___awdiv@divisor           cstackBANK0  000082
___awdiv@quotient          cstackBANK0  000086
___awdiv@sign              cstackBANK0  000085
___awmod                   text23       00372A
___awmod@counter           cstackBANK0  000084
___awmod@dividend          cstackBANK0  000080
___awmod@divisor           cstackBANK0  000082
___awmod@sign              cstackBANK0  000085
___inthi_sp                stack        000000
___intlo_sp                stack        000000
___lldiv                   text31       0035C8
___lldiv@counter           cstackBANK0  00008C
___lldiv@dividend          cstackBANK0  000080
___lldiv@divisor           cstackBANK0  000084
___lldiv@quotient          cstackBANK0  000088
___lwdiv                   text13       00385E
___lwdiv@counter           cstackBANK0  000084
___lwdiv@dividend          cstackBANK0  000080
___lwdiv@divisor           cstackBANK0  000082
___lwdiv@quotient          cstackBANK0  000085
___lwmod                   text12       0039AE
___lwmod@counter           cstackBANK0  00008B
___lwmod@dividend          cstackBANK0  000087
___lwmod@divisor           cstackBANK0  000089
___param_bank              (abs)        000000
___rparam_used             (abs)        000001
___sp                      stack        000000
___wmul                    text24       003C96
___wmul@multiplicand       cstackBANK0  000082
___wmul@multiplier         cstackBANK0  000080
___wmul@product            cstackBANK0  000084
__accesstop                (abs)        000080
__activetblptr             (abs)        000003
__doprnt                   text9        000012
__doprnt@ap                cstackBANK0  000090
__doprnt@c                 cstackBANK0  0000A1
__doprnt@cp                cstackBANK0  00009A
__doprnt@f                 cstackBANK0  00008E
__doprnt@flag              cstackBANK0  00009E
__doprnt@idx               cstackBANK0  000096
__doprnt@len               cstackBANK0  000098
__doprnt@pb                cstackBANK0  00008C
__doprnt@prec              cstackBANK0  000097
__doprnt@val               cstackBANK0  00009C
__doprnt@width             cstackBANK0  00009F
__end_of_I2C_Master_Init   text30       003A70
__end_of_I2C_Master_Read   text19       003D62
__end_of_I2C_Master_Start  text18       003E8A
__end_of_I2C_Master_Stop   text17       003E82
__end_of_I2C_Master_Wait   text20       003E3C
__end_of_I2C_Master_Write  text16       003E7A
__end_of___awdiv           text14       0035C8
__end_of___awmod           text23       0037CC
__end_of___lldiv           text31       003684
__end_of___lwdiv           text13       0038D6
__end_of___lwmod           text12       003A10
__end_of___wmul            text24       003CCC
__end_of__doprnt           text9        000996
__end_of__initialization   cinit        003854
__end_of__measure          text22       002A48
__end_of_display_menu      text7        0021DE
__end_of_dpowers           mediumconst  00FE52
__end_of_hexpowers         mediumconst  00FE5A
__end_of_initLCD           text27       003C54
__end_of_isdigit           text11       003DB8
__end_of_keypressed        intcode_body 001836
__end_of_keys              mediumconst  00FE48
__end_of_lcdInst           text28       003E4C
__end_of_lcdNibble         text29       0039AE
__end_of_main              text0        00372A
__end_of_manualDateTime    mediumconst  00FE61
__end_of_printf            text5        003C0A
__end_of_putch             text10       003E28
__end_of_readADC           text26       003D8E
__end_of_read_sensors      text25       00329E
__end_of_sort              text21       002614
__end_of_sprintf           text8        003B6E
__end_of_strcmp            text4        003AC6
__end_of_strcpy            text3        003D34
__end_of_update_RTC        text15       00340C
__end_of_update_display    text6        001D44
__end_of_update_lcd        text2        00350A
__end_of_update_state      text1        002D42
__end_ofi2___awmod         text42       003946
__end_ofi2___lwdiv         text39       003BC0
__end_ofi2___lwmod         text38       003C96
__end_ofi2___wmul          text37       003DDE
__end_ofi2__doprnt         text34       0011EE
__end_ofi2_isdigit         text36       003DFC
__end_ofi2_lcdInst         text40       003E70
__end_ofi2_lcdNibble       text41       003B1C
__end_ofi2_printf          text33       003D02
__end_ofi2_putch           text35       003E64
__initialization           cinit        0037CC
__measure                  text22       002614
__measure@i                cstackBANK0  00008A
__measure@i_496            cstackBANK0  00008B
__measure@i_497            cstackBANK0  00008C
__measure@i_498            cstackBANK0  00008D
__measure@i_499            cstackBANK0  00008E
__measure@i_500            cstackBANK0  00008F
__measure@i_501            cstackBANK0  000090
__measure@i_502            cstackBANK0  000091
__measure@measurement      cstackBANK0  000092
__mediumconst              mediumconst  00FE36
__pbssBANK0                bssBANK0     0000EE
__pbssBANK1                bssBANK1     000100
__pbssCOMRAM               bssCOMRAM    00003E
__pcinit                   cinit        0037CC
__pcstackBANK0             cstackBANK0  000080
__pcstackBANK1             cstackBANK1  000186
__pcstackCOMRAM            cstackCOMRAM 000001
__pdataBANK0               dataBANK0    0000D8
__pdataBIGRAM              dataBIGRAM   00018A
__pdataCOMRAM              dataCOMRAM   000069
__pidataBANK0              idataBANK0   003DFC
__pidataBIGRAM             idataBIGRAM  002D42
__pidataCOMRAM             idataCOMRAM  003E4C
__pintcode                 intcode      000008
__pintcode_body            intcode_body 0011EE
__pmediumconst             mediumconst  00FE36
__pnvCOMRAM                nvCOMRAM     000075
__ptext0                   text0        003684
__ptext1                   text1        002A48
__ptext10                  text10       003E12
__ptext11                  text11       003D8E
__ptext12                  text12       0039AE
__ptext13                  text13       00385E
__ptext14                  text14       00350A
__ptext15                  text15       00329E
__ptext16                  text16       003E70
__ptext17                  text17       003E7A
__ptext18                  text18       003E82
__ptext19                  text19       003D34
__ptext2                   text2        00340C
__ptext20                  text20       003E28
__ptext21                  text21       0021DE
__ptext22                  text22       002614
__ptext23                  text23       00372A
__ptext24                  text24       003C96
__ptext25                  text25       003012
__ptext26                  text26       003D62
__ptext27                  text27       003C0A
__ptext28                  text28       003E3C
__ptext29                  text29       003946
__ptext3                   text3        003D02
__ptext30                  text30       003A10
__ptext31                  text31       0035C8
__ptext33                  text33       003CCC
__ptext34                  text34       000996
__ptext35                  text35       003E58
__ptext36                  text36       003DDE
__ptext37                  text37       003DB8
__ptext38                  text38       003C54
__ptext39                  text39       003B6E
__ptext4                   text4        003A70
__ptext40                  text40       003E64
__ptext41                  text41       003AC6
__ptext42                  text42       0038D6
__ptext43                  text43       000000
__ptext5                   text5        003BC0
__ptext6                   text6        001836
__ptext7                   text7        001D44
__ptext8                   text8        003B1C
__ptext9                   text9        000012
__ramtop                   ramtop       001000
__size_of_I2C_Master_Init  (abs)        000000
__size_of_I2C_Master_Read  (abs)        000000
__size_of_I2C_Master_Start (abs)        000000
__size_of_I2C_Master_Stop  (abs)        000000
__size_of_I2C_Master_Wait  (abs)        000000
__size_of_I2C_Master_Write (abs)        000000
__size_of___awdiv          (abs)        000000
__size_of___awmod          (abs)        000000
__size_of___lldiv          (abs)        000000
__size_of___lwdiv          (abs)        000000
__size_of___lwmod          (abs)        000000
__size_of___wmul           (abs)        000000
__size_of__doprnt          (abs)        000000
__size_of__measure         (abs)        000000
__size_of_display_menu     (abs)        000000
__size_of_initLCD          (abs)        000000
__size_of_isdigit          (abs)        000000
__size_of_keypressed       (abs)        000000
__size_of_lcdInst          (abs)        000000
__size_of_lcdNibble        (abs)        000000
__size_of_main             (abs)        000000
__size_of_printf           (abs)        000000
__size_of_putch            (abs)        000000
__size_of_readADC          (abs)        000000
__size_of_read_sensors     (abs)        000000
__size_of_sort             (abs)        000000
__size_of_sprintf          (abs)        000000
__size_of_strcmp           (abs)        000000
__size_of_strcpy           (abs)        000000
__size_of_update_RTC       (abs)        000000
__size_of_update_display   (abs)        000000
__size_of_update_lcd       (abs)        000000
__size_of_update_state     (abs)        000000
__size_ofi2___awmod        (abs)        000000
__size_ofi2___lwdiv        (abs)        000000
__size_ofi2___lwmod        (abs)        000000
__size_ofi2___wmul         (abs)        000000
__size_ofi2__doprnt        (abs)        000000
__size_ofi2_isdigit        (abs)        000000
__size_ofi2_lcdInst        (abs)        000000
__size_ofi2_lcdNibble      (abs)        000000
__size_ofi2_printf         (abs)        000000
__size_ofi2_putch          (abs)        000000
__smallconst               smallconst   000000
_bottle_type               bssBANK0     0000EE
_creditIndex               dataBANK0    0000E0
_creditSize                dataBANK0    0000E2
_discretize                nvCOMRAM     000075
_discretize_counter        bssBANK0     0000F0
_display0                  bssBANK1     00013E
_display1                  bssBANK1     000150
_display_menu              text7        001D44
_display_menu$1164         cstackBANK0  0000C9
_dpowers                   mediumconst  00FE48
_endIndex                  dataBANK0    0000E4
_endSize                   dataCOMRAM   000073
_eskaNoCap                 bssBANK0     0000F2
_eskaWCap                  bssBANK0     0000F4
_events                    dataBANK0    0000E6
_hexpowers                 mediumconst  00FE52
_initLCD                   text27       003C0A
_isdigit                   text11       003D8E
_isdigit$774               cstackBANK0  000081
_keypressed                intcode      000008
_keys                      mediumconst  00FE37
_latestSortedBottleTime    bssBANK1     000100
_lcdInst                   text28       003E3C
_lcdNibble                 text29       003946
_logIndex                  dataBANK0    0000E8
_main                      text0        003684
_manualDateTime            mediumconst  00FE5A
_measure                   nvCOMRAM     000077
_measure_counter           bssBANK0     0000F6
_menu                      dataBIGRAM   00018A
_menuIndex                 dataBANK0    0000EA
_menuSize                  dataBANK0    0000EC
_nRBPU                     (abs)        007F8F
_ndisplay0                 bssBANK1     000162
_ndisplay1                 bssBANK1     000174
_nstate                    dataBANK0    0000DE
_printf                    text5        003BC0
_putch                     text10       003E12
_putch$intlevel0           text10       003E18
_readADC                   text26       003D62
_read_sensors              text25       003012
_release                   nvCOMRAM     000079
_release_counter           bssBANK0     0000F8
_runTime                   bssCOMRAM    000063
_sort                      text21       0021DE
_sortIndex                 dataBANK0    0000DC
_sortSize                  dataCOMRAM   00006D
_sorted_bottles            bssCOMRAM    000065
_sprintf                   text8        003B1C
_startTime                 bssBANK1     00010E
_state                     dataBANK0    0000DF
_strcmp                    text4        003A70
_strcpy                    text3        003D02
_time                      bssCOMRAM    00005C
_timeDiff                  bssBANK0     0000FA
_time_i                    bssBANK1     00011C
_update_RTC                text15       00329E
_update_display            text6        001836
_update_lcd                text2        00340C
_update_state              text1        002A48
_yopNoCap                  bssBANK0     0000FC
_yopWCap                   bssBANK0     0000FE
btemp                      temp         00007B
display_menu@menuIndexPtr  cstackBANK0  0000CB
display_menu@menuSelection cstackBANK0  0000C7
display_menu@menuSizePtr   cstackBANK0  0000C5
display_menu@selector      cstackBANK0  0000C3
end_of_initialization      cinit        003854
i2___awmod                 text42       0038D6
i2___awmod@counter         cstackCOMRAM 000005
i2___awmod@dividend        cstackCOMRAM 000001
i2___awmod@divisor         cstackCOMRAM 000003
i2___awmod@sign            cstackCOMRAM 000006
i2___lwdiv                 text39       003B6E
i2___lwdiv@counter         cstackCOMRAM 000007
i2___lwdiv@dividend        cstackCOMRAM 000001
i2___lwdiv@divisor         cstackCOMRAM 000003
i2___lwdiv@quotient        cstackCOMRAM 000005
i2___lwmod                 text38       003C54
i2___lwmod@counter         cstackCOMRAM 00000C
i2___lwmod@dividend        cstackCOMRAM 000008
i2___lwmod@divisor         cstackCOMRAM 00000A
i2___wmul                  text37       003DB8
i2___wmul@multiplicand     cstackCOMRAM 000003
i2___wmul@multiplier       cstackCOMRAM 000001
i2___wmul@product          cstackCOMRAM 000005
i2__doprnt                 text34       000996
i2__doprnt@ap              cstackCOMRAM 000011
i2__doprnt@c               cstackCOMRAM 000022
i2__doprnt@cp              cstackCOMRAM 00001B
i2__doprnt@f               cstackCOMRAM 00000F
i2__doprnt@flag            cstackCOMRAM 00001F
i2__doprnt@idx             cstackCOMRAM 000017
i2__doprnt@len             cstackCOMRAM 000019
i2__doprnt@pb              cstackCOMRAM 00000D
i2__doprnt@prec            cstackCOMRAM 000018
i2__doprnt@val             cstackCOMRAM 00001D
i2__doprnt@width           cstackCOMRAM 000020
i2_isdigit                 text36       003DDE
i2_isdigit$774             cstackCOMRAM 000002
i2_lcdInst                 text40       003E64
i2_lcdNibble               text41       003AC6
i2_printf                  text33       003CCC
i2_putch                   text35       003E58
i2isdigit@c                cstackCOMRAM 000003
i2lcdInst@data             cstackCOMRAM 000003
i2lcdNibble@data           cstackCOMRAM 000002
i2lcdNibble@temp           cstackCOMRAM 000001
i2printf@ap                cstackCOMRAM 000025
i2printf@f                 cstackCOMRAM 000023
i2printf@pb                cstackCOMRAM 000027
i2putch@data               cstackCOMRAM 000003
int$flags                  temp         00007B
int_func                   intcode_body 0011EE
intlevel0                  text         000000
intlevel1                  text         000000
intlevel2                  text         000000
intlevel3                  text         000000
isdigit@c                  cstackBANK0  000082
keypressed@i               cstackCOMRAM 00003B
keypressed@keypress        cstackCOMRAM 00003D
lcdInst@data               cstackBANK0  000082
lcdNibble@data             cstackBANK0  000081
lcdNibble@temp             cstackBANK0  000080
printf@ap                  cstackBANK0  0000A4
printf@f                   cstackBANK0  0000A2
printf@pb                  cstackBANK0  0000A6
putch@data                 cstackBANK0  000082
readADC@channel            cstackBANK0  000081
read_sensors@i             cstackBANK0  000086
sort@i                     cstackBANK0  000098
sprintf@ap                 cstackBANK0  0000B8
sprintf@f                  cstackBANK0  0000A4
sprintf@pb                 cstackBANK0  0000BA
sprintf@wh                 cstackBANK0  0000A2
stackhi                    (abs)        000F7F
stacklo                    (abs)        00045A
start                      init         00000E
start_initialization       cinit        0037CC
strcmp@r                   cstackBANK0  000085
strcmp@s1                  cstackBANK0  000080
strcmp@s2                  cstackBANK0  000082
strcpy@cp                  cstackBANK0  000084
strcpy@from                cstackBANK0  000082
strcpy@to                  cstackBANK0  000080
update_RTC@i               cstackBANK0  00008A
update_display@a           cstackBANK1  000186
update_display@i           cstackBANK1  000188
update_lcd@flag            cstackBANK0  0000AB
update_state@i             cstackBANK0  0000C0


FUNCTION INFORMATION:

 *************** function _main *****************
 Defined at:
		line 105 in file "main.c"
 Parameters:    Size  Location     Type
		None
 Auto vars:     Size  Location     Type
		None
 Return value:  Size  Location     Type
                  1    wreg      void 
 Registers used:
		wreg, fsr0l, fsr0h, fsr1l, fsr1h, fsr2l, fsr2h, status,2, status,0, pclath, tosl, tblptrl, tblptrh, tblptru, prodl, prodh, cstack
 Tracked objects:
		On entry : 
		On exit  : 
		Unchanged: 
 Data sizes:     COMRAM   BANK0   BANK1   BANK2   BANK3   BANK4   BANK5   BANK6   BANK7   BANK8   BANK9  BANK10  BANK11  BANK12  BANK13  BANK14  BANK15
      Params:         0       0       0       0       0       0       0       0       0       0       0       0       0       0       0       0       0
      Locals:         0       0       0       0       0       0       0       0       0       0       0       0       0       0       0       0       0
      Temps:          0       0       1       0       0       0       0       0       0       0       0       0       0       0       0       0       0
      Totals:         0       0       1       0       0       0       0       0       0       0       0       0       0       0       0       0       0
Total ram usage:        1 bytes
 Hardware stack levels required when called:   11
 This function calls:
		_I2C_Master_Init
		_initLCD
		_read_sensors
		_sort
		_update_RTC
		_update_display
		_update_lcd
		_update_state
 This function is called by:
		Startup code after reset
 This function uses a non-reentrant model


 *************** function _update_state *****************
 Defined at:
		line 266 in file "main.c"
 Parameters:    Size  Location     Type
		None
 Auto vars:     Size  Location     Type
  i               1   64[BANK0 ] unsigned char 
 Return value:  Size  Location     Type
                  1    wreg      void 
 Registers used:
		wreg, fsr0l, fsr0h, fsr1l, fsr1h, fsr2l, fsr2h, status,2, status,0, pclath, tosl, tblptrl, tblptrh, tblptru, prodl, prodh, cstack
 Tracked objects:
		On entry : 
		On exit  : 
		Unchanged: 
 Data sizes:     COMRAM   BANK0   BANK1   BANK2   BANK3   BANK4   BANK5   BANK6   BANK7   BANK8   BANK9  BANK10  BANK11  BANK12  BANK13  BANK14  BANK15
      Params:         0       0       0       0       0       0       0       0       0       0       0       0       0       0       0       0       0
      Locals:         0       1       0       0       0       0       0       0       0       0       0       0       0       0       0       0       0
      Temps:          0       2       0       0       0       0       0       0       0       0       0       0       0       0       0       0       0
      Totals:         0       3       0       0       0       0       0       0       0       0       0       0       0       0       0       0       0
Total ram usage:        3 bytes
 Hardware stack levels used:    1
 Hardware stack levels required when called:    9
 This function calls:
		___awdiv
		___awmod
		_sprintf
 This function is called by:
		_main
 This function uses a non-reentrant model


 *************** function _update_lcd *****************
 Defined at:
		line 161 in file "main.c"
 Parameters:    Size  Location     Type
		None
 Auto vars:     Size  Location     Type
  flag            2   43[BANK0 ] int 
  j               2    0        int 
  i               2    0        int 
 Return value:  Size  Location     Type
                  1    wreg      void 
 Registers used:
		wreg, fsr0l, fsr0h, fsr1l, fsr1h, fsr2l, fsr2h, status,2, status,0, pclath, tosl, tblptrl, tblptrh, tblptru, prodl, prodh, cstack
 Tracked objects:
		On entry : 
		On exit  : 
		Unchanged: 
 Data sizes:     COMRAM   BANK0   BANK1   BANK2   BANK3   BANK4   BANK5   BANK6   BANK7   BANK8   BANK9  BANK10  BANK11  BANK12  BANK13  BANK14  BANK15
      Params:         0       0       0       0       0       0       0       0       0       0       0       0       0       0       0       0       0
      Locals:         0       2       0       0       0       0       0       0       0       0       0       0       0       0       0       0       0
      Temps:          0       1       0       0       0       0       0       0       0       0       0       0       0       0       0       0       0
      Totals:         0       3       0       0       0       0       0       0       0       0       0       0       0       0       0       0       0
Total ram usage:        3 bytes
 Hardware stack levels used:    1
 Hardware stack levels required when called:    9
 This function calls:
		_lcdInst
		_printf
		_strcmp
		_strcpy
 This function is called by:
		_main
 This function uses a non-reentrant model


 *************** function _strcpy *****************
 Defined at:
		line 8 in file "C:\Program Files (x86)\Microchip\xc8\v1.40\sources\common\strcpy.c"
 Parameters:    Size  Location     Type
  to              2    0[BANK0 ] PTR unsigned char 
		 -> display1(18), display0(18), 
  from            2    2[BANK0 ] PTR const unsigned char 
		 -> ndisplay1(18), ndisplay0(18), 
 Auto vars:     Size  Location     Type
  cp              2    4[BANK0 ] PTR unsigned char 
		 -> display1(18), display0(18), 
 Return value:  Size  Location     Type
                  2    0[BANK0 ] PTR unsigned char 
 Registers used:
		wreg, fsr1l, fsr1h, fsr2l, fsr2h, status,2, status,0
 Tracked objects:
		On entry : 
		On exit  : 
		Unchanged: 
 Data sizes:     COMRAM   BANK0   BANK1   BANK2   BANK3   BANK4   BANK5   BANK6   BANK7   BANK8   BANK9  BANK10  BANK11  BANK12  BANK13  BANK14  BANK15
      Params:         0       4       0       0       0       0       0       0       0       0       0       0       0       0       0       0       0
      Locals:         0       2       0       0       0       0       0       0       0       0       0       0       0       0       0       0       0
      Temps:          0       0       0       0       0       0       0       0       0       0       0       0       0       0       0       0       0
      Totals:         0       6       0       0       0       0       0       0       0       0       0       0       0       0       0       0       0
Total ram usage:        6 bytes
 Hardware stack levels used:    1
 Hardware stack levels required when called:    5
 This function calls:
		Nothing
 This function is called by:
		_update_lcd
 This function uses a non-reentrant model


 *************** function _strcmp *****************
 Defined at:
		line 33 in file "C:\Program Files (x86)\Microchip\xc8\v1.40\sources\common\strcmp.c"
 Parameters:    Size  Location     Type
  s1              2    0[BANK0 ] PTR const unsigned char 
		 -> display1(18), display0(18), 
  s2              2    2[BANK0 ] PTR const unsigned char 
		 -> ndisplay1(18), ndisplay0(18), 
 Auto vars:     Size  Location     Type
  r               1    5[BANK0 ] char 
 Return value:  Size  Location     Type
                  2    0[BANK0 ] int 
 Registers used:
		wreg, fsr2l, fsr2h, status,2, status,0
 Tracked objects:
		On entry : 
		On exit  : 
		Unchanged: 
 Data sizes:     COMRAM   BANK0   BANK1   BANK2   BANK3   BANK4   BANK5   BANK6   BANK7   BANK8   BANK9  BANK10  BANK11  BANK12  BANK13  BANK14  BANK15
      Params:         0       4       0       0       0       0       0       0       0       0       0       0       0       0       0       0       0
      Locals:         0       1       0       0       0       0       0       0       0       0       0       0       0       0       0       0       0
      Temps:          0       1       0       0       0       0       0       0       0       0       0       0       0       0       0       0       0
      Totals:         0       6       0       0       0       0       0       0       0       0       0       0       0       0       0       0       0
Total ram usage:        6 bytes
 Hardware stack levels used:    1
 Hardware stack levels required when called:    5
 This function calls:
		Nothing
 This function is called by:
		_update_lcd
 This function uses a non-reentrant model


 *************** function _printf *****************
 Defined at:
		line 13 in file "C:\Program Files (x86)\Microchip\xc8\v1.40\sources\common\printf.c"
 Parameters:    Size  Location     Type
  f               2   34[BANK0 ] PTR const unsigned char 
		 -> STR_27(14), STR_26(15), STR_25(8), display1(18), 
		 -> display0(18), 
 Auto vars:     Size  Location     Type
  pb              4   38[BANK0 ] struct __prbuf
  ap              2   36[BANK0 ] PTR void [1]
		 -> ?i2_printf(2), ?_sprintf(2), ?_printf(2), 
 Return value:  Size  Location     Type
                  2   34[BANK0 ] int 
 Registers used:
		wreg, fsr0l, fsr0h, fsr2l, fsr2h, status,2, status,0, pclath, tosl, tblptrl, tblptrh, tblptru, prodl, prodh, cstack
 Tracked objects:
		On entry : 
		On exit  : 
		Unchanged: 
 Data sizes:     COMRAM   BANK0   BANK1   BANK2   BANK3   BANK4   BANK5   BANK6   BANK7   BANK8   BANK9  BANK10  BANK11  BANK12  BANK13  BANK14  BANK15
      Params:         0       2       0       0       0       0       0       0       0       0       0       0       0       0       0       0       0
      Locals:         0       6       0       0       0       0       0       0       0       0       0       0       0       0       0       0       0
      Temps:          0       0       0       0       0       0       0       0       0       0       0       0       0       0       0       0       0
      Totals:         0       8       0       0       0       0       0       0       0       0       0       0       0       0       0       0       0
Total ram usage:        8 bytes
 Hardware stack levels used:    1
 Hardware stack levels required when called:    8
 This function calls:
		__doprnt
 This function is called by:
		_update_lcd
 This function uses a non-reentrant model


 *************** function _update_display *****************
 Defined at:
		line 201 in file "main.c"
 Parameters:    Size  Location     Type
		None
 Auto vars:     Size  Location     Type
  i               1    2[BANK1 ] unsigned char 
  a               2    0[BANK1 ] int 
 Return value:  Size  Location     Type
                  1    wreg      void 
 Registers used:
		wreg, fsr0l, fsr0h, fsr1l, fsr1h, fsr2l, fsr2h, status,2, status,0, pclath, tosl, tblptrl, tblptrh, tblptru, prodl, prodh, cstack
 Tracked objects:
		On entry : 
		On exit  : 
		Unchanged: 
 Data sizes:     COMRAM   BANK0   BANK1   BANK2   BANK3   BANK4   BANK5   BANK6   BANK7   BANK8   BANK9  BANK10  BANK11  BANK12  BANK13  BANK14  BANK15
      Params:         0       0       0       0       0       0       0       0       0       0       0       0       0       0       0       0       0
      Locals:         0       0       3       0       0       0       0       0       0       0       0       0       0       0       0       0       0
      Temps:          0      11       0       0       0       0       0       0       0       0       0       0       0       0       0       0       0
      Totals:         0      11       3       0       0       0       0       0       0       0       0       0       0       0       0       0       0
Total ram usage:       14 bytes
 Hardware stack levels used:    1
 Hardware stack levels required when called:   10
 This function calls:
		___awdiv
		___awmod
		___wmul
		__measure
		_display_menu
		_readADC
		_sprintf
 This function is called by:
		_main
 This function uses a non-reentrant model


 *************** function _display_menu *****************
 Defined at:
		line 318 in file "main.c"
 Parameters:    Size  Location     Type
		None
 Auto vars:     Size  Location     Type
  menuIndexPtr    2   75[BANK0 ] PTR int 
		 -> endIndex(2), creditIndex(2), logIndex(2), menuIndex(2), 
  menuSelectio    2   71[BANK0 ] int 
  menuSizePtr     2   69[BANK0 ] PTR int 
		 -> endSize(2), menuSize(2), creditSize(2), events(2), 
  selector        2   67[BANK0 ] int 
 Return value:  Size  Location     Type
                  1    wreg      void 
 Registers used:
		wreg, fsr0l, fsr0h, fsr1l, fsr1h, fsr2l, fsr2h, status,2, status,0, pclath, tosl, tblptrl, tblptrh, tblptru, prodl, prodh, cstack
 Tracked objects:
		On entry : 
		On exit  : 
		Unchanged: 
 Data sizes:     COMRAM   BANK0   BANK1   BANK2   BANK3   BANK4   BANK5   BANK6   BANK7   BANK8   BANK9  BANK10  BANK11  BANK12  BANK13  BANK14  BANK15
      Params:         0       0       0       0       0       0       0       0       0       0       0       0       0       0       0       0       0
      Locals:         0      10       0       0       0       0       0       0       0       0       0       0       0       0       0       0       0
      Temps:          0       5       0       0       0       0       0       0       0       0       0       0       0       0       0       0       0
      Totals:         0      15       0       0       0       0       0       0       0       0       0       0       0       0       0       0       0
Total ram usage:       15 bytes
 Hardware stack levels used:    1
 Hardware stack levels required when called:    9
 This function calls:
		___wmul
		_sprintf
 This function is called by:
		_update_display
 This function uses a non-reentrant model


 *************** function _sprintf *****************
 Defined at:
		line 13 in file "C:\Program Files (x86)\Microchip\xc8\v1.40\sources\common\sprintf.c"
 Parameters:    Size  Location     Type
  wh              2   34[BANK0 ] PTR unsigned char 
		 -> menu(720), ndisplay1(18), ndisplay0(18), 
  f               2   36[BANK0 ] PTR const unsigned char 
		 -> STR_24(5), STR_23(5), STR_22(5), STR_21(5), 
		 -> STR_20(20), STR_19(20), STR_18(22), STR_17(19), 
		 -> menu(720), STR_16(15), STR_15(6), STR_14(24), 
		 -> STR_13(7), STR_12(18), STR_11(19), STR_10(16), 
		 -> STR_9(12), STR_8(19), STR_7(17), STR_6(14), 
		 -> STR_5(12), STR_4(16), STR_3(25), STR_2(23), 
		 -> STR_1(23), 
 Auto vars:     Size  Location     Type
  pb              4   58[BANK0 ] struct __prbuf
  ap              2   56[BANK0 ] PTR void [1]
		 -> ?_sprintf(2), ?_printf(2), 
 Return value:  Size  Location     Type
                  2   34[BANK0 ] int 
 Registers used:
		wreg, fsr0l, fsr0h, fsr2l, fsr2h, status,2, status,0, pclath, tosl, tblptrl, tblptrh, tblptru, prodl, prodh, cstack
 Tracked objects:
		On entry : 
		On exit  : 
		Unchanged: 
 Data sizes:     COMRAM   BANK0   BANK1   BANK2   BANK3   BANK4   BANK5   BANK6   BANK7   BANK8   BANK9  BANK10  BANK11  BANK12  BANK13  BANK14  BANK15
      Params:         0      22       0       0       0       0       0       0       0       0       0       0       0       0       0       0       0
      Locals:         0       6       0       0       0       0       0       0       0       0       0       0       0       0       0       0       0
      Temps:          0       0       0       0       0       0       0       0       0       0       0       0       0       0       0       0       0
      Totals:         0      28       0       0       0       0       0       0       0       0       0       0       0       0       0       0       0
Total ram usage:       28 bytes
 Hardware stack levels used:    1
 Hardware stack levels required when called:    8
 This function calls:
		__doprnt
 This function is called by:
		_update_display
		_update_state
		_display_menu
 This function uses a non-reentrant model


 *************** function __doprnt *****************
 Defined at:
		line 458 in file "C:\Program Files (x86)\Microchip\xc8\v1.40\sources\common\doprnt.c"
 Parameters:    Size  Location     Type
  pb              2   12[BANK0 ] PTR struct __prbuf
		 -> sprintf@pb(4), printf@pb(4), 
  f               2   14[BANK0 ] PTR const unsigned char 
		 -> STR_27(14), STR_26(15), STR_25(8), STR_24(5), 
		 -> STR_23(5), STR_22(5), STR_21(5), STR_20(20), 
		 -> STR_19(20), STR_18(22), STR_17(19), menu(720), 
		 -> STR_16(15), STR_15(6), STR_14(24), STR_13(7), 
		 -> STR_12(18), STR_11(19), STR_10(16), STR_9(12), 
		 -> STR_8(19), STR_7(17), STR_6(14), STR_5(12), 
		 -> STR_4(16), STR_3(25), STR_2(23), STR_1(23), 
		 -> display1(18), display0(18), 
  ap              2   16[BANK0 ] PTR PTR void 
		 -> sprintf@ap(2), printf@ap(2), 
 Auto vars:     Size  Location     Type
  idx             1   22[BANK0 ] unsigned char 
  tmpval          4    0        struct .
  width           2   31[BANK0 ] int 
  val             2   28[BANK0 ] unsigned int 
  cp              2   26[BANK0 ] PTR const unsigned char 
		 -> ?_sprintf(2), ?_printf(2), NULL(0), STR_28(7), 
		 -> _doprnt@c(1), menu(720), ADRESH(1), ndisplay1(18), 
		 -> ndisplay0(18), 
  len             2   24[BANK0 ] unsigned int 
  c               1   33[BANK0 ] char 
  flag            1   30[BANK0 ] unsigned char 
  prec            1   23[BANK0 ] char 
 Return value:  Size  Location     Type
                  2   12[BANK0 ] int 
 Registers used:
		wreg, fsr0l, fsr0h, fsr2l, fsr2h, status,2, status,0, pclath, tosl, tblptrl, tblptrh, tblptru, prodl, prodh, cstack
 Tracked objects:
		On entry : 
		On exit  : 
		Unchanged: 
 Data sizes:     COMRAM   BANK0   BANK1   BANK2   BANK3   BANK4   BANK5   BANK6   BANK7   BANK8   BANK9  BANK10  BANK11  BANK12  BANK13  BANK14  BANK15
      Params:         0       6       0       0       0       0       0       0       0       0       0       0       0       0       0       0       0
      Locals:         0      12       0       0       0       0       0       0       0       0       0       0       0       0       0       0       0
      Temps:          0       4       0       0       0       0       0       0       0       0       0       0       0       0       0       0       0
      Totals:         0      22       0       0       0       0       0       0       0       0       0       0       0       0       0       0       0
Total ram usage:       22 bytes
 Hardware stack levels used:    1
 Hardware stack levels required when called:    7
 This function calls:
		Absolute function
		___lwdiv
		___lwmod
		___wmul
		_isdigit
		_putch
 This function is called by:
		_printf
		_sprintf
 This function uses a non-reentrant model


 *************** function _putch *****************
 Defined at:
		line 30 in file "lcd.c"
 Parameters:    Size  Location     Type
  data            1    wreg     unsigned char 
 Auto vars:     Size  Location     Type
  data            1    2[BANK0 ] unsigned char 
 Return value:  Size  Location     Type
                  1    wreg      void 
 Registers used:
		wreg, status,2, status,0, cstack
 Tracked objects:
		On entry : 
		On exit  : 
		Unchanged: 
 Data sizes:     COMRAM   BANK0   BANK1   BANK2   BANK3   BANK4   BANK5   BANK6   BANK7   BANK8   BANK9  BANK10  BANK11  BANK12  BANK13  BANK14  BANK15
      Params:         0       0       0       0       0       0       0       0       0       0       0       0       0       0       0       0       0
      Locals:         0       1       0       0       0       0       0       0       0       0       0       0       0       0       0       0       0
      Temps:          0       0       0       0       0       0       0       0       0       0       0       0       0       0       0       0       0
      Totals:         0       1       0       0       0       0       0       0       0       0       0       0       0       0       0       0       0
Total ram usage:        1 bytes
 Hardware stack levels used:    1
 Hardware stack levels required when called:    6
 This function calls:
		_lcdNibble
 This function is called by:
		_printf
		__doprnt
		i2__doprnt
 This function uses a non-reentrant model


 *************** function _isdigit *****************
 Defined at:
		line 8 in file "C:\Program Files (x86)\Microchip\xc8\v1.40\sources\common\isdigit.c"
 Parameters:    Size  Location     Type
  c               1    wreg     unsigned char 
 Auto vars:     Size  Location     Type
  c               1    2[BANK0 ] unsigned char 
 Return value:  Size  Location     Type
		None               void
 Registers used:
		wreg, status,2, status,0
 Tracked objects:
		On entry : 
		On exit  : 
		Unchanged: 
 Data sizes:     COMRAM   BANK0   BANK1   BANK2   BANK3   BANK4   BANK5   BANK6   BANK7   BANK8   BANK9  BANK10  BANK11  BANK12  BANK13  BANK14  BANK15
      Params:         0       0       0       0       0       0       0       0       0       0       0       0       0       0       0       0       0
      Locals:         0       2       0       0       0       0       0       0       0       0       0       0       0       0       0       0       0
      Temps:          0       1       0       0       0       0       0       0       0       0       0       0       0       0       0       0       0
      Totals:         0       3       0       0       0       0       0       0       0       0       0       0       0       0       0       0       0
Total ram usage:        3 bytes
 Hardware stack levels used:    1
 Hardware stack levels required when called:    5
 This function calls:
		Nothing
 This function is called by:
		__doprnt
 This function uses a non-reentrant model


 *************** function ___lwmod *****************
 Defined at:
		line 8 in file "C:\Program Files (x86)\Microchip\xc8\v1.40\sources\common\lwmod.c"
 Parameters:    Size  Location     Type
  dividend        2    7[BANK0 ] unsigned int 
  divisor         2    9[BANK0 ] unsigned int 
 Auto vars:     Size  Location     Type
  counter         1   11[BANK0 ] unsigned char 
 Return value:  Size  Location     Type
                  2    7[BANK0 ] unsigned int 
 Registers used:
		wreg, status,2, status,0
 Tracked objects:
		On entry : 
		On exit  : 
		Unchanged: 
 Data sizes:     COMRAM   BANK0   BANK1   BANK2   BANK3   BANK4   BANK5   BANK6   BANK7   BANK8   BANK9  BANK10  BANK11  BANK12  BANK13  BANK14  BANK15
      Params:         0       4       0       0       0       0       0       0       0       0       0       0       0       0       0       0       0
      Locals:         0       1       0       0       0       0       0       0       0       0       0       0       0       0       0       0       0
      Temps:          0       0       0       0       0       0       0       0       0       0       0       0       0       0       0       0       0
      Totals:         0       5       0       0       0       0       0       0       0       0       0       0       0       0       0       0       0
Total ram usage:        5 bytes
 Hardware stack levels used:    1
 Hardware stack levels required when called:    5
 This function calls:
		Nothing
 This function is called by:
		__doprnt
 This function uses a non-reentrant model


 *************** function ___lwdiv *****************
 Defined at:
		line 8 in file "C:\Program Files (x86)\Microchip\xc8\v1.40\sources\common\lwdiv.c"
 Parameters:    Size  Location     Type
  dividend        2    0[BANK0 ] unsigned int 
  divisor         2    2[BANK0 ] unsigned int 
 Auto vars:     Size  Location     Type
  quotient        2    5[BANK0 ] unsigned int 
  counter         1    4[BANK0 ] unsigned char 
 Return value:  Size  Location     Type
                  2    0[BANK0 ] unsigned int 
 Registers used:
		wreg, status,2, status,0
 Tracked objects:
		On entry : 
		On exit  : 
		Unchanged: 
 Data sizes:     COMRAM   BANK0   BANK1   BANK2   BANK3   BANK4   BANK5   BANK6   BANK7   BANK8   BANK9  BANK10  BANK11  BANK12  BANK13  BANK14  BANK15
      Params:         0       4       0       0       0       0       0       0       0       0       0       0       0       0       0       0       0
      Locals:         0       3       0       0       0       0       0       0       0       0       0       0       0       0       0       0       0
      Temps:          0       0       0       0       0       0       0       0       0       0       0       0       0       0       0       0       0
      Totals:         0       7       0       0       0       0       0       0       0       0       0       0       0       0       0       0       0
Total ram usage:        7 bytes
 Hardware stack levels used:    1
 Hardware stack levels required when called:    5
 This function calls:
		Nothing
 This function is called by:
		__doprnt
 This function uses a non-reentrant model


 *************** function ___awdiv *****************
 Defined at:
		line 8 in file "C:\Program Files (x86)\Microchip\xc8\v1.40\sources\common\awdiv.c"
 Parameters:    Size  Location     Type
  dividend        2    0[BANK0 ] int 
  divisor         2    2[BANK0 ] int 
 Auto vars:     Size  Location     Type
  quotient        2    6[BANK0 ] int 
  sign            1    5[BANK0 ] unsigned char 
  counter         1    4[BANK0 ] unsigned char 
 Return value:  Size  Location     Type
                  2    0[BANK0 ] int 
 Registers used:
		wreg, status,2, status,0
 Tracked objects:
		On entry : 
		On exit  : 
		Unchanged: 
 Data sizes:     COMRAM   BANK0   BANK1   BANK2   BANK3   BANK4   BANK5   BANK6   BANK7   BANK8   BANK9  BANK10  BANK11  BANK12  BANK13  BANK14  BANK15
      Params:         0       4       0       0       0       0       0       0       0       0       0       0       0       0       0       0       0
      Locals:         0       4       0       0       0       0       0       0       0       0       0       0       0       0       0       0       0
      Temps:          0       0       0       0       0       0       0       0       0       0       0       0       0       0       0       0       0
      Totals:         0       8       0       0       0       0       0       0       0       0       0       0       0       0       0       0       0
Total ram usage:        8 bytes
 Hardware stack levels used:    1
 Hardware stack levels required when called:    5
 This function calls:
		Nothing
 This function is called by:
		_update_display
		_update_state
 This function uses a non-reentrant model


 *************** function _update_RTC *****************
 Defined at:
		line 182 in file "main.c"
 Parameters:    Size  Location     Type
		None
 Auto vars:     Size  Location     Type
  i               1   10[BANK0 ] unsigned char 
 Return value:  Size  Location     Type
                  1    wreg      void 
 Registers used:
		wreg, fsr2l, fsr2h, status,2, status,0, prodl, prodh, cstack
 Tracked objects:
		On entry : 
		On exit  : 
		Unchanged: 
 Data sizes:     COMRAM   BANK0   BANK1   BANK2   BANK3   BANK4   BANK5   BANK6   BANK7   BANK8   BANK9  BANK10  BANK11  BANK12  BANK13  BANK14  BANK15
      Params:         0       0       0       0       0       0       0       0       0       0       0       0       0       0       0       0       0
      Locals:         0       1       0       0       0       0       0       0       0       0       0       0       0       0       0       0       0
      Temps:          0       4       0       0       0       0       0       0       0       0       0       0       0       0       0       0       0
      Totals:         0       5       0       0       0       0       0       0       0       0       0       0       0       0       0       0       0
Total ram usage:        5 bytes
 Hardware stack levels used:    1
 Hardware stack levels required when called:    7
 This function calls:
		_I2C_Master_Read
		_I2C_Master_Start
		_I2C_Master_Stop
		_I2C_Master_Write
		___wmul
 This function is called by:
		_main
 This function uses a non-reentrant model


 *************** function _I2C_Master_Write *****************
 Defined at:
		line 47 in file "I2C.c"
 Parameters:    Size  Location     Type
  d               2    1[BANK0 ] unsigned int 
 Auto vars:     Size  Location     Type
		None
 Return value:  Size  Location     Type
                  1    wreg      void 
 Registers used:
		wreg, status,2, status,0, cstack
 Tracked objects:
		On entry : 
		On exit  : 
		Unchanged: 
[...]
      Totals:         8       0       0       0       0       0       0       0       0       0       0       0       0       0       0       0       0
Total ram usage:        8 bytes
 Hardware stack levels used:    1
 Hardware stack levels required when called:    3
 This function calls:
		i2__doprnt
 This function is called by:
		_keypressed
 This function uses a non-reentrant model


 *************** function i2__doprnt *****************
 Defined at:
		line 458 in file "C:\Program Files (x86)\Microchip\xc8\v1.40\sources\common\doprnt.c"
 Parameters:    Size  Location     Type
  pb              2   12[COMRAM] PTR struct __prbuf
		 -> sprintf@pb(4), printf@pb(4), 
  f               2   14[COMRAM] PTR const unsigned char 
		 -> STR_27(14), STR_26(15), STR_25(8), STR_24(5), 
		 -> STR_23(5), STR_22(5), STR_21(5), STR_20(20), 
		 -> STR_19(20), STR_18(22), STR_17(19), menu(720), 
		 -> STR_16(15), STR_15(6), STR_14(24), STR_13(7), 
		 -> STR_12(18), STR_11(19), STR_10(16), STR_9(12), 
		 -> STR_8(19), STR_7(17), STR_6(14), STR_5(12), 
		 -> STR_4(16), STR_3(25), STR_2(23), STR_1(23), 
		 -> display1(18), display0(18), 
  ap              2   16[COMRAM] PTR PTR void 
		 -> sprintf@ap(2), printf@ap(2), 
 Auto vars:     Size  Location     Type
  _doprnt         4    0        struct .
  _doprnt         2   31[COMRAM] int 
  _doprnt         2   28[COMRAM] unsigned int 
  _doprnt         2   26[COMRAM] PTR const unsigned char 
		 -> ?_sprintf(2), ?_printf(2), NULL(0), STR_28(7), 
		 -> _doprnt@c(1), menu(720), ADRESH(1), ndisplay1(18), 
		 -> ndisplay0(18), 
  _doprnt         2   24[COMRAM] unsigned int 
  _doprnt         1   33[COMRAM] char 
  _doprnt         1   30[COMRAM] unsigned char 
  _doprnt         1   23[COMRAM] char 
  _doprnt         1   22[COMRAM] unsigned char 
 Return value:  Size  Location     Type
                  2   12[COMRAM] int 
 Registers used:
		wreg, fsr0l, fsr0h, fsr2l, fsr2h, status,2, status,0, pclath, tosl, tblptrl, tblptrh, tblptru, prodl, prodh, cstack
 Tracked objects:
		On entry : 
		On exit  : 
		Unchanged: 
 Data sizes:     COMRAM   BANK0   BANK1   BANK2   BANK3   BANK4   BANK5   BANK6   BANK7   BANK8   BANK9  BANK10  BANK11  BANK12  BANK13  BANK14  BANK15
      Params:         6       0       0       0       0       0       0       0       0       0       0       0       0       0       0       0       0
      Locals:        12       0       0       0       0       0       0       0       0       0       0       0       0       0       0       0       0
      Temps:          4       0       0       0       0       0       0       0       0       0       0       0       0       0       0       0       0
      Totals:        22       0       0       0       0       0       0       0       0       0       0       0       0       0       0       0       0
Total ram usage:       22 bytes
 Hardware stack levels used:    1
 Hardware stack levels required when called:    2
 This function calls:
		Absolute function
		i2___lwdiv
		i2___lwmod
		i2___wmul
		i2_isdigit
		i2_putch
 This function is called by:
		i2_printf
 This function uses a non-reentrant model


 *************** function i2_putch *****************
 Defined at:
		line 30 in file "lcd.c"
 Parameters:    Size  Location     Type
  data            1    wreg     unsigned char 
 Auto vars:     Size  Location     Type
  data            1    2[COMRAM] unsigned char 
 Return value:  Size  Location     Type
                  1    wreg      void 
 Registers used:
		wreg, status,2, status,0, cstack
 Tracked objects:
		On entry : 
		On exit  : 
		Unchanged: 
 Data sizes:     COMRAM   BANK0   BANK1   BANK2   BANK3   BANK4   BANK5   BANK6   BANK7   BANK8   BANK9  BANK10  BANK11  BANK12  BANK13  BANK14  BANK15
      Params:         0       0       0       0       0       0       0       0       0       0       0       0       0       0       0       0       0
      Locals:         1       0       0       0       0       0       0       0       0       0       0       0       0       0       0       0       0
      Temps:          0       0       0       0       0       0       0       0       0       0       0       0       0       0       0       0       0
      Totals:         1       0       0       0       0       0       0       0       0       0       0       0       0       0       0       0       0
Total ram usage:        1 bytes
 Hardware stack levels used:    1
 Hardware stack levels required when called:    1
 This function calls:
		i2_lcdNibble
 This function is called by:
		i2_printf
 This function uses a non-reentrant model


 *************** function i2_isdigit *****************
 Defined at:
		line 8 in file "C:\Program Files (x86)\Microchip\xc8\v1.40\sources\common\isdigit.c"
 Parameters:    Size  Location     Type
  c               1    wreg     unsigned char 
 Auto vars:     Size  Location     Type
  c               1    2[COMRAM] unsigned char 
 Return value:  Size  Location     Type
		None               void
 Registers used:
		wreg, status,2, status,0
 Tracked objects:
		On entry : 
		On exit  : 
		Unchanged: 
 Data sizes:     COMRAM   BANK0   BANK1   BANK2   BANK3   BANK4   BANK5   BANK6   BANK7   BANK8   BANK9  BANK10  BANK11  BANK12  BANK13  BANK14  BANK15
      Params:         0       0       0       0       0       0       0       0       0       0       0       0       0       0       0       0       0
      Locals:         2       0       0       0       0       0       0       0       0       0       0       0       0       0       0       0       0
      Temps:          1       0       0       0       0       0       0       0       0       0       0       0       0       0       0       0       0
      Totals:         3       0       0       0       0       0       0       0       0       0       0       0       0       0       0       0       0
Total ram usage:        3 bytes
 Hardware stack levels used:    1
 This function calls:
		Nothing
 This function is called by:
		i2__doprnt
 This function uses a non-reentrant model


 *************** function i2___wmul *****************
 Defined at:
		line 15 in file "C:\Program Files (x86)\Microchip\xc8\v1.40\sources\common\Umul16.c"
 Parameters:    Size  Location     Type
  multiplier      2    0[COMRAM] unsigned int 
  multiplicand    2    2[COMRAM] unsigned int 
 Auto vars:     Size  Location     Type
  __wmul          2    4[COMRAM] unsigned int 
 Return value:  Size  Location     Type
                  2    0[COMRAM] unsigned int 
 Registers used:
		wreg, status,2, status,0, prodl, prodh
 Tracked objects:
		On entry : 
		On exit  : 
		Unchanged: 
 Data sizes:     COMRAM   BANK0   BANK1   BANK2   BANK3   BANK4   BANK5   BANK6   BANK7   BANK8   BANK9  BANK10  BANK11  BANK12  BANK13  BANK14  BANK15
      Params:         4       0       0       0       0       0       0       0       0       0       0       0       0       0       0       0       0
      Locals:         2       0       0       0       0       0       0       0       0       0       0       0       0       0       0       0       0
      Temps:          0       0       0       0       0       0       0       0       0       0       0       0       0       0       0       0       0
      Totals:         6       0       0       0       0       0       0       0       0       0       0       0       0       0       0       0       0
Total ram usage:        6 bytes
 Hardware stack levels used:    1
 This function calls:
		Nothing
 This function is called by:
		i2__doprnt
 This function uses a non-reentrant model


 *************** function i2___lwmod *****************
 Defined at:
		line 8 in file "C:\Program Files (x86)\Microchip\xc8\v1.40\sources\common\lwmod.c"
 Parameters:    Size  Location     Type
  dividend        2    7[COMRAM] unsigned int 
  divisor         2    9[COMRAM] unsigned int 
 Auto vars:     Size  Location     Type
  __lwmod         1   11[COMRAM] unsigned char 
 Return value:  Size  Location     Type
                  2    7[COMRAM] unsigned int 
 Registers used:
		wreg, status,2, status,0
 Tracked objects:
		On entry : 
		On exit  : 
		Unchanged: 
 Data sizes:     COMRAM   BANK0   BANK1   BANK2   BANK3   BANK4   BANK5   BANK6   BANK7   BANK8   BANK9  BANK10  BANK11  BANK12  BANK13  BANK14  BANK15
      Params:         4       0       0       0       0       0       0       0       0       0       0       0       0       0       0       0       0
      Locals:         1       0       0       0       0       0       0       0       0       0       0       0       0       0       0       0       0
      Temps:          0       0       0       0       0       0       0       0       0       0       0       0       0       0       0       0       0
      Totals:         5       0       0       0       0       0       0       0       0       0       0       0       0       0       0       0       0
Total ram usage:        5 bytes
 Hardware stack levels used:    1
 This function calls:
		Nothing
 This function is called by:
		i2__doprnt
 This function uses a non-reentrant model


 *************** function i2___lwdiv *****************
 Defined at:
		line 8 in file "C:\Program Files (x86)\Microchip\xc8\v1.40\sources\common\lwdiv.c"
 Parameters:    Size  Location     Type
  dividend        2    0[COMRAM] unsigned int 
  divisor         2    2[COMRAM] unsigned int 
 Auto vars:     Size  Location     Type
  __lwdiv         2    4[COMRAM] unsigned int 
  __lwdiv         1    6[COMRAM] unsigned char 
 Return value:  Size  Location     Type
                  2    0[COMRAM] unsigned int 
 Registers used:
		wreg, status,2, status,0
 Tracked objects:
		On entry : 
		On exit  : 
		Unchanged: 
 Data sizes:     COMRAM   BANK0   BANK1   BANK2   BANK3   BANK4   BANK5   BANK6   BANK7   BANK8   BANK9  BANK10  BANK11  BANK12  BANK13  BANK14  BANK15
      Params:         4       0       0       0       0       0       0       0       0       0       0       0       0       0       0       0       0
      Locals:         3       0       0       0       0       0       0       0       0       0       0       0       0       0       0       0       0
      Temps:          0       0       0       0       0       0       0       0       0       0       0       0       0       0       0       0       0
      Totals:         7       0       0       0       0       0       0       0       0       0       0       0       0       0       0       0       0
Total ram usage:        7 bytes
 Hardware stack levels used:    1
 This function calls:
		Nothing
 This function is called by:
		i2__doprnt
 This function uses a non-reentrant model


 *************** function i2_lcdInst *****************
 Defined at:
		line 25 in file "lcd.c"
 Parameters:    Size  Location     Type
  data            1    wreg     unsigned char 
 Auto vars:     Size  Location     Type
  data            1    2[COMRAM] unsigned char 
 Return value:  Size  Location     Type
                  1    wreg      void 
 Registers used:
		wreg, status,2, status,0, cstack
 Tracked objects:
		On entry : 
		On exit  : 
		Unchanged: 
 Data sizes:     COMRAM   BANK0   BANK1   BANK2   BANK3   BANK4   BANK5   BANK6   BANK7   BANK8   BANK9  BANK10  BANK11  BANK12  BANK13  BANK14  BANK15
      Params:         0       0       0       0       0       0       0       0       0       0       0       0       0       0       0       0       0
      Locals:         1       0       0       0       0       0       0       0       0       0       0       0       0       0       0       0       0
      Temps:          0       0       0       0       0       0       0       0       0       0       0       0       0       0       0       0       0
      Totals:         1       0       0       0       0       0       0       0       0       0       0       0       0       0       0       0       0
Total ram usage:        1 bytes
 Hardware stack levels used:    1
 Hardware stack levels required when called:    1
 This function calls:
		i2_lcdNibble
 This function is called by:
		_keypressed
 This function uses a non-reentrant model


 *************** function i2_lcdNibble *****************
 Defined at:
		line 35 in file "lcd.c"
 Parameters:    Size  Location     Type
  data            1    wreg     unsigned char 
 Auto vars:     Size  Location     Type
  data            1    1[COMRAM] unsigned char 
  lcdNibble       1    0[COMRAM] unsigned char 
 Return value:  Size  Location     Type
                  1    wreg      void 
 Registers used:
		wreg, status,2, status,0
 Tracked objects:
		On entry : 
		On exit  : 
		Unchanged: 
 Data sizes:     COMRAM   BANK0   BANK1   BANK2   BANK3   BANK4   BANK5   BANK6   BANK7   BANK8   BANK9  BANK10  BANK11  BANK12  BANK13  BANK14  BANK15
      Params:         0       0       0       0       0       0       0       0       0       0       0       0       0       0       0       0       0
      Locals:         2       0       0       0       0       0       0       0       0       0       0       0       0       0       0       0       0
      Temps:          0       0       0       0       0       0       0       0       0       0       0       0       0       0       0       0       0
      Totals:         2       0       0       0       0       0       0       0       0       0       0       0       0       0       0       0       0
Total ram usage:        2 bytes
 Hardware stack levels used:    1
 This function calls:
		Nothing
 This function is called by:
		i2_lcdInst
		i2_putch
 This function uses a non-reentrant model


 *************** function i2___awmod *****************
 Defined at:
		line 8 in file "C:\Program Files (x86)\Microchip\xc8\v1.40\sources\common\awmod.c"
 Parameters:    Size  Location     Type
  dividend        2    0[COMRAM] int 
  divisor         2    2[COMRAM] int 
 Auto vars:     Size  Location     Type
  __awmod         1    5[COMRAM] unsigned char 
  __awmod         1    4[COMRAM] unsigned char 
 Return value:  Size  Location     Type
                  2    0[COMRAM] int 
 Registers used:
		wreg, status,2, status,0
 Tracked objects:
		On entry : 
		On exit  : 
		Unchanged: 
 Data sizes:     COMRAM   BANK0   BANK1   BANK2   BANK3   BANK4   BANK5   BANK6   BANK7   BANK8   BANK9  BANK10  BANK11  BANK12  BANK13  BANK14  BANK15
      Params:         4       0       0       0       0       0       0       0       0       0       0       0       0       0       0       0       0
      Locals:         2       0       0       0       0       0       0       0       0       0       0       0       0       0       0       0       0
      Temps:          0       0       0       0       0       0       0       0       0       0       0       0       0       0       0       0       0
      Totals:         6       0       0       0       0       0       0       0       0       0       0       0       0       0       0       0       0
Total ram usage:        6 bytes
 Hardware stack levels used:    1
 This function calls:
		Nothing
 This function is called by:
		_keypressed
 This function uses a non-reentrant model



MODULE INFORMATION

Module		Function		Class		Link	Load	Size
C:\Program Files (x86)\Microchip\xc8\v1.40\sources\common\strcpy.c
		_strcpy        		CODE           	3D02	0000	51

C:\Program Files (x86)\Microchip\xc8\v1.40\sources\common\strcpy.c estimated size: 51

C:\Program Files (x86)\Microchip\xc8\v1.40\sources\common\doprnt.c
		__doprnt       		CODE           	0012	0000	2437

C:\Program Files (x86)\Microchip\xc8\v1.40\sources\common\doprnt.c estimated size: 2437

I2C.c
		_I2C_Master_Read		CODE           	3D34	0000	47
		_I2C_Master_Wait		CODE           	3E28	0000	21
		_I2C_Master_Init		CODE           	3A10	0000	97
		_I2C_Master_Stop		CODE           	3E7A	0000	9
		_I2C_Master_Write		CODE           	3E70	0000	11
		_I2C_Master_Start		CODE           	3E82	0000	9

I2C.c estimated size: 194

C:\Program Files (x86)\Microchip\xc8\v1.40\sources\common\Umul16.c
		___wmul        		CODE           	3C96	0000	55

C:\Program Files (x86)\Microchip\xc8\v1.40\sources\common\Umul16.c estimated size: 55

C:\Program Files (x86)\Microchip\xc8\v1.40\sources\common\lwmod.c
		___lwmod       		CODE           	39AE	0000	99

C:\Program Files (x86)\Microchip\xc8\v1.40\sources\common\lwmod.c estimated size: 99

C:\Program Files (x86)\Microchip\xc8\v1.40\sources\common\awmod.c
		___awmod       		CODE           	372A	0000	163

C:\Program Files (x86)\Microchip\xc8\v1.40\sources\common\awmod.c estimated size: 163

C:\Program Files (x86)\Microchip\xc8\v1.40\sources\common\isdigit.c
		_isdigit       		CODE           	3D8E	0000	43

C:\Program Files (x86)\Microchip\xc8\v1.40\sources\common\isdigit.c estimated size: 43

shared
		_manualDateTime		MEDIUMCONST    	FE5A	0000	8
		i2_printf      		CODE           	3CCC	0000	55
		i2_putch       		CODE           	3E58	0000	13
		i2_lcdNibble   		CODE           	3AC6	0000	87
		_dpowers       		MEDIUMCONST    	FE48	0000	11
		i2___lwdiv     		CODE           	3B6E	0000	83
		i2_isdigit     		CODE           	3DDE	0000	31
		i2___wmul      		CODE           	3DB8	0000	39
		i2__doprnt     		CODE           	0996	0000	2137
		i2___lwmod     		CODE           	3C54	0000	67
		_keys          		MEDIUMCONST    	FE37	0000	18
		__initialization		CODE           	37CC	0000	137
		i2___awmod     		CODE           	38D6	0000	113
		_hexpowers     		MEDIUMCONST    	FE52	0000	9
		i2_lcdInst     		CODE           	3E64	0000	13

shared estimated size: 2821

C:\Program Files (x86)\Microchip\xc8\v1.40\sources\common\printf.c
		_printf        		CODE           	3BC0	0000	75

C:\Program Files (x86)\Microchip\xc8\v1.40\sources\common\printf.c estimated size: 75

lcd.c
		_putch         		CODE           	3E12	0000	23
		_lcdInst       		CODE           	3E3C	0000	17
		_lcdNibble     		CODE           	3946	0000	105
		_initLCD       		CODE           	3C0A	0000	75

lcd.c estimated size: 220

C:\Program Files (x86)\Microchip\xc8\v1.40\sources\common\sprintf.c
		_sprintf       		CODE           	3B1C	0000	83

C:\Program Files (x86)\Microchip\xc8\v1.40\sources\common\sprintf.c estimated size: 83

C:\Program Files (x86)\Microchip\xc8\v1.40\sources\common\lwdiv.c
		___lwdiv       		CODE           	385E	0000	121

C:\Program Files (x86)\Microchip\xc8\v1.40\sources\common\lwdiv.c estimated size: 121

C:\Program Files (x86)\Microchip\xc8\v1.40\sources\common\awdiv.c
		___awdiv       		CODE           	350A	0000	191

C:\Program Files (x86)\Microchip\xc8\v1.40\sources\common\awdiv.c estimated size: 191

main.c
		_display_menu  		CODE           	1D44	0000	1179
		_main          		CODE           	3684	0000	167
		_update_RTC    		CODE           	329E	0000	367
		_update_lcd    		CODE           	340C	0000	255
		_update_state  		CODE           	2A48	0000	763
		_sort          		CODE           	21DE	0000	1079
		__measure      		CODE           	2614	0000	1077
		_read_sensors  		CODE           	3012	0000	653
		_keypressed    		CODE           	0008	0000	1615
		_update_display		CODE           	1836	0000	1295
		_readADC       		CODE           	3D62	0000	45

main.c estimated size: 8495

C:\Program Files (x86)\Microchip\xc8\v1.40\sources\common\lldiv.c
		___lldiv       		CODE           	35C8	0000	189

C:\Program Files (x86)\Microchip\xc8\v1.40\sources\common\lldiv.c estimated size: 189

C:\Program Files (x86)\Microchip\xc8\v1.40\sources\common\strcmp.c
		_strcmp        		CODE           	3A70	0000	87

C:\Program Files (x86)\Microchip\xc8\v1.40\sources\common\strcmp.c estimated size: 87

